Configuration 'wasmJsNpmAggregated' was resolved during configuration time.
This is a build performance and scalability issue.
See https://github.com/gradle/gradle/issues/2298
Run with --info for a stacktrace.
Configuration 'wasmJsTestNpmAggregated' was resolved during configuration time.
This is a build performance and scalability issue.
See https://github.com/gradle/gradle/issues/2298
Run with --info for a stacktrace.
> Task :kotlinWasmKotlinNpmCachesSetup
> Task :kotlinWasmNodeJsSetup UP-TO-DATE
> Task :kotlinWasmRestoreYarnLock UP-TO-DATE
> Task :kotlinWasmYarnSetup UP-TO-DATE
> Task :app:wasmJsPackageJson UP-TO-DATE
> Task :app:wasmJsTestPackageJson UP-TO-DATE
> Task :app:wasmJsPublicPackageJson UP-TO-DATE
> Task :app:wasmJsTestPublicPackageJson UP-TO-DATE
> Task :kotlinWasmPackageJsonUmbrella UP-TO-DATE
> Task :wasmRootPackageJson UP-TO-DATE
> Task :kotlinWasmNpmInstall UP-TO-DATE
> Task :kotlinWasmStoreYarnLock UP-TO-DATE
> Task :kotlinWasmToolingSetup UP-TO-DATE
> Task :app:kmpPartiallyResolvedDependenciesChecker
> Task :app:checkKotlinGradlePluginConfigurationErrors SKIPPED
> Task :app:checkWasmJsMainComposeLibrariesCompatibility
> Task :app:convertXmlValueResourcesForCommonMain NO-SOURCE
> Task :app:copyNonXmlValueResourcesForCommonMain UP-TO-DATE
> Task :app:prepareComposeResourcesTaskForCommonMain UP-TO-DATE
> Task :app:generateResourceAccessorsForCommonMain UP-TO-DATE
> Task :app:convertXmlValueResourcesForWasmJsMain NO-SOURCE
> Task :app:copyNonXmlValueResourcesForWasmJsMain NO-SOURCE
> Task :app:prepareComposeResourcesTaskForWasmJsMain NO-SOURCE
> Task :app:generateResourceAccessorsForWasmJsMain NO-SOURCE
> Task :app:convertXmlValueResourcesForWebMain NO-SOURCE
> Task :app:copyNonXmlValueResourcesForWebMain NO-SOURCE
> Task :app:prepareComposeResourcesTaskForWebMain NO-SOURCE
> Task :app:generateResourceAccessorsForWebMain NO-SOURCE
> Task :app:generateActualResourceCollectorsForWasmJsMain UP-TO-DATE
> Task :app:generateComposeResClass UP-TO-DATE
> Task :app:generateExpectResourceCollectorsForCommonMain UP-TO-DATE
> Task :app:compileKotlinWasmJs UP-TO-DATE
> Task :app:wasmJsResolveResourcesFromDependencies UP-TO-DATE
> Task :app:assembleWasmJsMainResources UP-TO-DATE
> Task :app:wasmJsResolveSelfResourcesCopyHierarchicalMultiplatformResources UP-TO-DATE
> Task :app:wasmJsAggregateResources UP-TO-DATE
> Task :app:wasmJsProcessResources UP-TO-DATE
> Task :app:wasmJsMainClasses UP-TO-DATE
> Task :app:compileDevelopmentExecutableKotlinWasmJs UP-TO-DATE
> Task :app:unpackSkikoWasmRuntime UP-TO-DATE
> Task :app:processSkikoRuntimeForKWasm UP-TO-DATE
> Task :app:wasmJsDevelopmentExecutableCompileSync UP-TO-DATE

> Task :app:wasmJsBrowserDevelopmentRun
<i> [webpack-dev-server] Project is running at:
<i> [webpack-dev-server] Loopback: http://localhost:8081/, http://[::1]:8081/
<i> [webpack-dev-server] On Your Network (IPv4): http://192.168.11.101:8081/
<i> [webpack-dev-server] Content not from webpack is served from 'C:\Users\LENOVO\Desktop\HomeDecor AI (Web-App)\build\wasm\packages\HomeDecorAI-app\kotlin, C:\Users\LENOVO\Desktop\HomeDecor AI (Web-App)\app\build\processedResources\wasmJs\main, C:\Users\LENOVO\Desktop\HomeDecor AI (Web-App)' directory
<i> [webpack-dev-middleware] wait until bundle finished: /index.html
asset 726ea21b9d0d74c76d28.wasm 29.7 MiB [emitted] [immutable] [from: kotlin/HomeDecorAI-app.wasm] (auxiliary name: main)
asset 6e23e5428398b92da386.wasm 8.25 MiB [emitted] [immutable] [from: kotlin/skiko.wasm] (auxiliary name: main)
asset app.js 3.8 MiB [emitted] (name: main)
runtime modules 30.1 KiB 13 modules
javascript modules 1.42 MiB
  modules by path ../../ 506 KiB
    modules by path ../../../../../../.kotlin/kotlin-npm-tooling/yarn/e49be039833f93cd8352f956b90315...(truncated) 90.2 KiB 8 modules
    modules by path ../../../../../../.kotlin/kotlin-npm-tooling/yarn/e49be039833f93cd8352f956b90315...(truncated) 5.17 KiB 4 modules
    + 3 modules
  modules by path ./kotlin/ 949 KiB
    modules with warnings 441 KiB [true warnings] 2 modules
    ./kotlin/custom-formatters.js 5.13 KiB [built] [code generated]
    ./kotlin/skiko.mjs 501 KiB [built] [code generated]
    ./kotlin/HomeDecorAI-app.js-builtins.mjs 2.05 KiB [built] [code generated]
asset modules 38 MiB (asset) 84 bytes (javascript)
  ./kotlin/HomeDecorAI-app.wasm 29.7 MiB (asset) 42 bytes (javascript) [built] [code generated]
  ./kotlin/skiko.wasm 8.25 MiB (asset) 42 bytes (javascript) [built] [code generated]
webpack 5.101.3 compiled successfully in 5238 ms
