#
# There is insufficient memory for the Java Runtime Environment to continue.
# Native memory allocation (malloc) failed to allocate 1160656 bytes. Error detail: Chunk::new
# Possible reasons:
#   The system is out of physical RAM or swap space
#   This process is running with CompressedOops enabled, and the Java Heap may be blocking the growth of the native heap
# Possible solutions:
#   Reduce memory load on the system
#   Increase physical memory or swap space
#   Check if swap backing store is full
#   Decrease Java heap size (-Xmx/-Xms)
#   Decrease number of Java threads
#   Decrease Java thread stack sizes (-Xss)
#   Set larger code cache with -XX:ReservedCodeCacheSize=
#   JVM is running with Unscaled Compressed Oops mode in which the Java heap is
#     placed in the first 4GB address space. The Java Heap base address is the
#     maximum limit for the native heap growth. Please use -XX:HeapBaseMinAddress
#     to set the Java Heap base and to place the Java Heap above 4GB virtual address.
# This output file may be truncated or incomplete.
#
#  Out of Memory Error (arena.cpp:191), pid=18700, tid=18724
#
# JRE version: OpenJDK Runtime Environment Temurin-17.0.18+8 (17.0.18+8) (build 17.0.18+8)
# Java VM: OpenJDK 64-Bit Server VM Temurin-17.0.18+8 (17.0.18+8, mixed mode, sharing, tiered, compressed oops, compressed class ptrs, g1 gc, windows-amd64)
# No core dump will be written. Minidumps are not enabled by default on client versions of Windows
#

---------------  S U M M A R Y ------------

Command Line: org.jetbrains.kotlin.cli.js.K2JSCompiler -Xir-produce-klib-dir -libraries C:\Users\LENOVO\.gradle\caches\modules-2\files-2.1\org.jetbrains.compose.material3\material3-wasm-js\1.9.0\84302b5c5117b0a9e81b392a09cbbb1bd05a307f\material3-wasm-js-1.9.0.klib;C:\Users\LENOVO\.gradle\caches\modules-2\files-2.1\org.jetbrains.compose.material\material-ripple-wasm-js\1.9.1\9654de0110653087be7c2f9356fb103f5c24c07f\material-ripple-wasm-js-1.9.1.klib;C:\Users\LENOVO\.gradle\caches\modules-2\files-2.1\org.jetbrains.compose.animation\animation-core-wasm-js\1.11.1\c9cf9083dce30b356152016b239971b83287b9ff\animation-core-wasm-js-1.11.1.klib;C:\Users\LENOVO\.gradle\caches\modules-2\files-2.1\org.jetbrains.compose.animation\animation-wasm-js\1.11.1\6bab018982e2087632d59b076cb81a3f101817a\animation-wasm-js-1.11.1.klib;C:\Users\LENOVO\.gradle\caches\modules-2\files-2.1\org.jetbrains.compose.foundation\foundation-layout-wasm-js\1.11.1\c977ce61a74ea7f38f534d96fb3ea5130382f836\foundation-layout-wasm-js-1.11.1.klib;C:\Users\LENOVO\.gradle\caches\modules-2\files-2.1\org.jetbrains.compose.foundation\foundation-wasm-js\1.11.1\3cfc26d6641e0506179abf6828468a260eee5f61\foundation-wasm-js-1.11.1.klib;C:\Users\LENOVO\.gradle\caches\modules-2\files-2.1\org.jetbrains.compose.material\material-icons-extended-wasm-js\1.7.3\d01db77e4295c019018ccc83b56933703c040dd9\material-icons-extended-wasm-js-1.7.3.klib;C:\Users\LENOVO\.gradle\caches\modules-2\files-2.1\org.jetbrains.compose.material\material-icons-core-wasm-js\1.7.3\d896523c87aa91d43c749541e6623ec78b1a4555\material-icons-core-wasm-js-1.7.3.klib;C:\Users\LENOVO\.gradle\caches\modules-2\files-2.1\org.jetbrains.compose.ui\ui-util-wasm-js\1.11.1\d90417db4a0b747de078daaa6b7e2bea3e55434\ui-util-wasm-js-1.11.1.klib;C:\Users\LENOVO\.gradle\caches\modules-2\files-2.1\org.jetbrains.compose.ui\ui-unit-wasm-js\1.11.1\efa5a6e2ca0324d440154b99b5b179549230fd36\ui-unit-wasm-js-1.11.1.klib;C:\Users\LENOVO\.gradle\caches\modules-2\files-2.1\org.jetbrains.compose.ui\ui-geometry-wasm-js\1.11.1\64386719acd1cd1bd7ec2b40f74d2858d7cf57f6\ui-geometry-wasm-js-1.11.1.klib;C:\Users\LENOVO\.gradle\caches\modules-2\files-2.1\org.jetbrains.compose.ui\ui-text-wasm-js\1.11.1\e7f540b0ea19206fef95863ae5789fd3dd251eb8\ui-text-wasm-js-1.11.1.klib;C:\Users\LENOVO\.gradle\caches\modules-2\files-2.1\org.jetbrains.compose.ui\ui-graphics-wasm-js\1.11.1\a2f494940344eb8209ac0e2343e1e96aaa648501\ui-graphics-wasm-js-1.11.1.klib;C:\Users\LENOVO\.gradle\caches\modules-2\files-2.1\org.jetbrains.compose.ui\ui-wasm-js\1.11.1\b7bb318f8687b67b25b72516696f4bf730d2a858\ui-wasm-js-1.11.1.klib;C:\Users\LENOVO\.gradle\caches\modules-2\files-2.1\org.jetbrains.androidx.lifecycle\lifecycle-runtime-compose-wasm-js\2.9.6\6b22b30a8b55d0f498e78dc604cd814a13483fcc\lifecycle-runtime-compose-wasm-js-2.9.6.klib;C:\Users\LENOVO\.gradle\caches\modules-2\files-2.1\org.jetbrains.compose.runtime\runtime-saveable-wasm-js\1.11.1\f2f07ed2c568250be5e317ee6ada654a47e8b8b4\runtime-saveable-wasm-js-1.11.1.klib;C:\Users\LENOVO\.gradle\caches\modules-2\files-2.1\org.jetbrains.androidx.savedstate\savedstate-compose-wasm-js\1.3.6\531312550e888c492c0398ab76a73f925b3701be\savedstate-compose-wasm-js-1.3.6.klib;C:\Users\LENOVO\.gradle\caches\modules-2\files-2.1\org.jetbrains.compose.runtime\runtime-wasm-js\1.11.1\36ea5ecc51567ed0bd604c2d21da7c1bfc4a377a\runtime-wasm-js-1.11.1.klib;C:\Users\LENOVO\.gradle\caches\modules-2\files-2.1\org.jetbrains.compose.components\components-resources-wasmJs\1.11.1\685ce5e764459d3528261e3bf841b2f2b8f1d063\library-wasm-js-1.11.1.klib;C:\Users\LENOVO\.gradle\caches\modules-2\files-2.1\androidx.compose.runtime\runtime-saveable-wasm-js\1.11.2\1d1e49ecae690268c4f687526773c1f629817de\runtime-saveable-wasm-js-1.11.2.klib;C:\Users\LENOVO\.gradle\caches\modules-2\files-2.1\androidx.compose.runtime\runtime-annotation-wasm-js\1.11.2\3849f0eaa3f77c4f13ee1f830596a44bf2fd19c7\runtime-annotation-wasm-js-1.11.2.klib;C:\Users\LENOVO\.gradle\caches\modules-2\files-2.1\androidx.compose.runtime\runtime-retain-wasm-js\1.11.2\a0dda7850e9de49d9c7a8ceb2bfb83fd4628768c\runtime-retain-wasm-js-1.11.2.klib;C:\Users\LENOVO\.gradle\caches\modules-2\files-2.1\org.jetbrains.androidx.savedstate\savedstate-wasm-js\1.3.6\e0cb2589ac0819582639d17e6638fd3d8c185419\savedstate-wasm-js-1.3.6.klib;C:\Users\LENOVO\.gradle\caches\modules-2\files-2.1\androidx.savedstate\savedstate-wasm-js\1.4.0\6865c0523c212a87a34c7df4f8f87596e2fdfcc8\savedstate-wasm-js-1.4.0.klib;C:\Users\LENOVO\.gradle\caches\modules-2\files-2.1\androidx.savedstate\savedstate-compose-wasm-js\1.4.0\a613faf31aaf91d5928780a562aca7f7c0366848\savedstate-compose-wasm-js-1.4.0.klib;C:\Users\LENOVO\.gradle\caches\modules-2\files-2.1\org.jetbrains.androidx.lifecycle\lifecycle-runtime-wasm-js\2.9.6\71757c5e7be8c99246fabe7e4c9d7becad254377\lifecycle-runtime-wasm-js-2.9.6.klib;C:\Users\LENOVO\.gradle\caches\modules-2\files-2.1\org.jetbrains.androidx.lifecycle\lifecycle-common-wasm-js\2.9.6\5d9d99de66ae8a0d6b1ecd1daf9c88627723755a\lifecycle-common-wasm-js-2.9.6.klib;C:\Users\LENOVO\.gradle\caches\modules-2\files-2.1\androidx.lifecycle\lifecycle-common-wasm-js\2.9.4\4d12d48c5a77e4deb9082fea29d1765a7c353f98\lifecycle-common-wasm-js-2.9.4.klib;C:\Users\LENOVO\.gradle\caches\modules-2\files-2.1\androidx.lifecycle\lifecycle-runtime-wasm-js\2.9.4\681f0566790915635f97b2cb446f8c7c94fda94a\lifecycle-runtime-wasm-js-2.9.4.klib;C:\Users\LENOVO\.gradle\caches\modules-2\files-2.1\androidx.lifecycle\lifecycle-runtime-compose-wasm-js\2.9.4\4eed4975369f5c46ddca61c83029637e53e2f56a\lifecycle-runtime-compose-wasm-js-2.9.4.klib;C:\Users\LENOVO\.gradle\caches\modules-2\files-2.1\androidx.compose.runtime\runtime-wasm-js\1.11.2\4b59dcf0e16054cad03625a38d1042e785ad82e7\runtime-wasm-js-1.11.2.klib;C:\Users\LENOVO\.gradle\caches\modules-2\files-2.1\org.jetbrains.kotlinx\kotlinx-coroutines-core-wasm-js\1.10.2\96cfe8b9baf74b9336c0533a85f957539aeae6fa\kotlinx-coroutines-core-wasm-js-1.10.2.klib;C:\Users\LENOVO\.gradle\caches\modules-2\files-2.1\org.jetbrains.kotlinx\kotlinx-datetime-wasm-js\0.6.1\2fa2d7d0c8029462b82dc396b71e9927ea24298c\kotlinx-datetime-wasm-js-0.6.1.klib;C:\Users\LENOVO\.gradle\caches\modules-2\files-2.1\androidx.collection\collection-wasm-js\1.5.0\18144cbf664890f9b0dd371eb44e5bdadbf000a7\collection-wasm-js-1.5.0.klib;C:\Users\LENOVO\.gradle\caches\modules-2\files-2.1\androidx.annotation\annotation-wasm-js\1.9.1\c084814826e28c73c203da1a2f36f71662804bd3\annotation-wasm-js-1.9.1.klib;C:\Users\LENOVO\.gradle\caches\modules-2\files-2.1\org.jetbrains.kotlinx\kotlinx-browser-wasm-js\0.5.0\4b9c6e6a72df07e2f1d605c9f87c4e5176ddeb93\kotlinx-browser-wasm-js-0.5.0.klib;C:\Users\LENOVO\.gradle\caches\modules-2\files-2.1\org.jetbrains.kotlinx\kotlinx-serialization-core-wasm-js\1.7.3\1badfeaf1bb965ae884394fced75656e42ed98a1\kotlinx-serialization-core-wasm-js-1.7.3.klib;C:\Users\LENOVO\.gradle\caches\modules-2\files-2.1\org.jetbrains.kotlin\kotlin-stdlib-wasm-js\2.3.21\fdd53df7eba369f6b3c0855989610fa8ac4423d3\kotlin-stdlib-wasm-js-2.3.21.klib;C:\Users\LENOVO\.gradle\caches\modules-2\files-2.1\org.jetbrains.kotlinx\atomicfu-wasm-js\0.26.1\3f3c0e5415afc326f52439098cd35f3ae9a33529\atomicfu-wasm-js-0.26.1.klib;C:\Users\LENOVO\.gradle\caches\modules-2\files-2.1\org.jetbrains.skiko\skiko-wasm-js\0.144.6\275719965b0592fa9277c995b6b246490c5977c9\skiko-wasm-js-0.144.6.klib -main call -ir-output-name app -ir-output-dir C:\Users\LENOVO\Desktop\HomeDecor AI (Web-App)\app\build\classes\kotlin\wasmJs\main -source-map -source-map-embed-sources never -target es5 -Xfragment-refines=wasmJsMain:webMain,webMain:commonMain -Xfragment-sources=wasmJsMain:C:\Users\LENOVO\Desktop\HomeDecor AI (Web-App)\app\src\wasmJsMain\kotlin\com\ismail\homedecorai\imagepicker\DragDrop.wasmJs.kt,wasmJsMain:C:\Users\LENOVO\Desktop\HomeDecor AI (Web-App)\app\src\wasmJsMain\kotlin\com\ismail\homedecorai\imagepicker\ImagePicker.wasmJs.kt,wasmJsMain:C:\Users\LENOVO\Desktop\HomeDecor AI (Web-App)\app\src\wasmJsMain\kotlin\com\ismail\homedecorai\MainWebView.kt,wasmJsMain:C:\Users\LENOVO\Desktop\HomeDecor AI (Web-App)\app\src\wasmJsMain\kotlin\com\ismail\homedecorai\Platform.kt,wasmJsMain:C:\Users\LENOVO\Desktop\HomeDecor AI (Web-App)\app\src\wasmJsMain\kotlin\com\ismail\homedecorai\ui\discover\NetworkImage.wasmJs.kt,wasmJsMain:C:\Users\LENOVO\Desktop\HomeDecor AI (Web-App)\app\src\wasmJsMain\kotlin\com\ismail\homedecorai\ui\theme\PlatformTheme.kt,wasmJsMain:C:\Users\LENOVO\Desktop\HomeDecor AI (Web-App)\app\src\wasmJsMain\kotlin\com\ismail\homedecorai\WebViewModelApiWasm.kt,wasmJsMain:C:\Users\LENOVO\Desktop\HomeDecor AI (Web-App)\app\build\generated\compose\resourceGenerator\kotlin\wasmJsMainResourceCollectors\homedecorai\app\generated\resources\ActualResourceCollectors.kt,commonMain:C:\Users\LENOVO\Desktop\HomeDecor AI (Web-App)\app\src\commonMain\kotlin\com\ismail\homedecorai\App.kt,commonMain:C:\Users\LENOVO\Desktop\HomeDecor AI (Web-App)\app\src\commonMain\kotlin\com\ismail\homedecorai\imagepicker\DragDrop.kt,commonMain:C:\Users\LENOVO\Desktop\HomeDecor AI (Web-App)\app\src\commonMain\kotlin\com\ismail\homedecorai\imagepicker\ImagePicker.kt,commonMain:C:\Users\LENOVO\Desktop\HomeDecor AI (Web-App)\app\src\commonMain\kotlin\com\ismail\homedecorai\imagepicker\ImagePickerTypes.kt,commonMain:C:\Users\LENOVO\Desktop\HomeDecor AI (Web-App)\app\src\commonMain\kotlin\com\ismail\homedecorai\model\Models.kt,commonMain:C:\Users\LENOVO\Desktop\HomeDecor AI (Web-App)\app\src\commonMain\kotlin\com\ismail\homedecorai\Platform.kt,commonMain:C:\Users\LENOVO\Desktop\HomeDecor AI (Web-App)\app\src\commonMain\kotlin\com\ismail\homedecorai\PlatformAbstractions.kt,commonMain:C:\Users\LENOVO\Desktop\HomeDecor AI (Web-App)\app\src\commonMain\kotlin\com\ismail\homedecorai\Strings.kt,commonMain:C:\Users\LENOVO\Desktop\HomeDecor AI (Web-App)\app\src\commonMain\kotlin\com\ismail\homedecorai\ui\board\SharedMyBoardScreen.kt,commonMain:C:\Users\LENOVO\Desktop\HomeDecor AI (Web-App)\app\src\commonMain\kotlin\com\ismail\homedecorai\ui\components\HomeDecorComponents.kt,commonMain:C:\Users\LENOVO\Desktop\HomeDecor AI (Web-App)\app\src\commonMain\kotlin\com\ismail\homedecorai\ui\discover\SharedDiscoverScreen.kt,commonMain:C:\Users\LENOVO\Desktop\HomeDecor AI (Web-App)\app\src\commonMain\kotlin\com\ismail\homedecorai\ui\paywall\PaywallTypes.kt,commonMain:C:\Users\LENOVO\Desktop\HomeDecor AI (Web-App)\app\src\commonMain\kotlin\com\ismail\homedecorai\ui\paywall\SharedPaywallSheet.kt,commonMain:C:\Users\LENOVO\Desktop\HomeDecor AI (Web-App)\app\src\commonMain\kotlin\com\ismail\homedecorai\ui\profile\SharedProfileScreen.kt,commonMain:C:\Users\LENOVO\Desktop\HomeDecor AI (Web-App)\app\src\commonMain\kotlin\com\ismail\homedecorai\ui\ResponsiveLayout.kt,commonMain:C:\Users\LENOVO\Desktop\HomeDecor AI (Web-App)\app\src\commonMain\kotlin\com\ismail\homedecorai\ui\settings\SharedSettingsScreen.kt,commonMain:C:\Users\LENOVO\Desktop\HomeDecor AI (Web-App)\app\src\commonMain\kotlin\com\ismail\homedecorai\ui\store\SharedDiamondStoreSheet.kt,commonMain:C:\Users\LENOVO\Desktop\HomeDecor AI (Web-App)\app\src\commonMain\kotlin\com\ismail\homedecorai\ui\theme\Color.kt,commonMain:C:\Users\LENOVO\Desktop\HomeDecor AI (Web-App)\app\src\commonMain\kotlin\com\ismail\homedecorai\ui\theme\Dimens.kt,commonMain:C:\Users\LENOVO\Desktop\HomeDecor AI (Web-App)\app\src\commonMain\kotlin\com\ismail\homedecorai\ui\theme\PlatformTheme.kt,commonMain:C:\Users\LENOVO\Desktop\HomeDecor AI (Web-App)\app\src\commonMain\kotlin\com\ismail\homedecorai\ui\theme\Shape.kt,commonMain:C:\Users\LENOVO\Desktop\HomeDecor AI (Web-App)\app\src\commonMain\kotlin\com\ismail\homedecorai\ui\theme\Theme.kt,commonMain:C:\Users\LENOVO\Desktop\HomeDecor AI (Web-App)\app\src\commonMain\kotlin\com\ismail\homedecorai\ui\theme\Type.kt,commonMain:C:\Users\LENOVO\Desktop\HomeDecor AI (Web-App)\app\src\commonMain\kotlin\com\ismail\homedecorai\ui\tools\SharedToolsScreen.kt,commonMain:C:\Users\LENOVO\Desktop\HomeDecor AI (Web-App)\app\src\commonMain\kotlin\com\ismail\homedecorai\ui\tools\WebWizardScreen.kt,commonMain:C:\Users\LENOVO\Desktop\HomeDecor AI (Web-App)\app\src\commonMain\kotlin\com\ismail\homedecorai\ui\upgrade\SharedUpgradeScreen.kt,commonMain:C:\Users\LENOVO\Desktop\HomeDecor AI (Web-App)\app\src\commonMain\kotlin\com\ismail\homedecorai\WebViewModel.kt,commonMain:C:\Users\LENOVO\Desktop\HomeDecor AI (Web-App)\app\src\commonMain\kotlin\com\ismail\homedecorai\WebViewModelApi.kt,commonMain:C:\Users\LENOVO\Desktop\HomeDecor AI (Web-App)\app\build\generated\compose\resourceGenerator\kotlin\commonResClass\homedecorai\app\generated\resources\Res.kt,commonMain:C:\Users\LENOVO\Desktop\HomeDecor AI (Web-App)\app\build\generated\compose\resourceGenerator\kotlin\commonMainResourceAccessors\homedecorai\app\generated\resources\Drawable0.commonMain.kt,commonMain:C:\Users\LENOVO\Desktop\HomeDecor AI (Web-App)\app\build\generated\compose\resourceGenerator\kotlin\commonMainResourceAccessors\homedecorai\app\generated\resources\Drawable1.commonMain.kt,commonMain:C:\Users\LENOVO\Desktop\HomeDecor AI (Web-App)\app\build\generated\compose\resourceGenerator\kotlin\commonMainResourceCollectors\homedecorai\app\generated\resources\ExpectResourceCollectors.kt -Xfragments=wasmJsMain,webMain,commonMain -Xmulti-platform -Xplugin=C:\Users\LENOVO\.gradle\caches\modules-2\files-2.1\org.jetbrains.kotlin\kotlin-scripting-compiler-embeddable\2.3.21\711590480bb11f8799195918dfa3c44b8c7e65e9\kotlin-scripting-compiler-embeddable-2.3.21.jar,C:\Users\LENOVO\.gradle\caches\modules-2\files-2.1\org.jetbrains.kotlin\kotlin-compose-compiler-plugin-embeddable\2.3.21\96eb34ab9364f1c4291f35b38b1b98d0fc70170c\kotlin-compose-compiler-plugin-embeddable-2.3.21.jar,C:\Users\LENOVO\.gradle\caches\modules-2\files-2.1\org.jetbrains.kotlin\kotlin-serialization-compiler-plugin-embeddable\2.3.21\973ceb6ece211cc75d4bc877e1a2edb5fe2be012\kotlin-serialization-compiler-plugin-embeddable-2.3.21.jar,C:\Users\LENOVO\.gradle\caches\modules-2\files-2.1\org.jetbrains.kotlin\kotlin-scripting-compiler-impl-embeddable\2.3.21\fa27913973bd39d23c08d9ae02423e4d267e1c22\kotlin-scripting-compiler-impl-embeddable-2.3.21.jar,C:\Users\LENOVO\.gradle\caches\modules-2\files-2.1\org.jetbrains.kotlin\kotlin-scripting-jvm\2.3.21\7f816ad9c22a970642b5d06cf79fe6e52a16fc69\kotlin-scripting-jvm-2.3.21.jar,C:\Users\LENOVO\.gradle\caches\modules-2\files-2.1\org.jetbrains.kotlin\kotlin-scripting-common\2.3.21\c159f56b1e5104c4d07a6e7119b628bc6129b630\kotlin-scripting-common-2.3.21.jar,C:\Users\LENOVO\.gradle\caches\modules-2\files-2.1\org.jetbrains.kotlin\kotlin-stdlib\2.3.21\a2ee2c4e220fee522f0451b723bab2a43f3481a7\kotlin-stdlib-2.3.21.jar,C:\Users\LENOVO\.gradle\caches\modules-2\files-2.1\org.jetbrains.kotlin\kotlin-script-runtime\2.3.21\8dafd7f0eb5efef35a446683a2774fef61c68aeb\kotlin-script-runtime-2.3.21.jar,C:\Users\LENOVO\.gradle\caches\modules-2\files-2.1\org.jetbrains\annotations\13.0\919f0dfe192fb4e063e7dacadee7f8bb9a2672a9\annotations-13.0.jar -P plugin:androidx.compose.compiler.plugins.kotlin:sourceInformation=true,plugin:androidx.compose.compiler.plugins.kotlin:traceMarkersEnabled=true -Xir-per-module-output-name=HomeDecorAI-app -Xir-module-name=HomeDecorAI:app -Xwasm -Xwasm-target=wasm-js C:\Users\LENOVO\Desktop\HomeDecor AI (Web-App)\app\src\wasmJsMain\kotlin\com\ismail\homedecorai\imagepicker\DragDrop.wasmJs.kt C:\Users\LENOVO\Desktop\HomeDecor AI (Web-App)\app\src\wasmJsMain\kotlin\com\ismail\homedecorai\imagepicker\ImagePicker.wasmJs.kt C:\Users\LENOVO\Desktop\HomeDecor AI (Web-App)\app\src\wasmJsMain\kotlin\com\ismail\homedecorai\MainWebView.kt C:\Users\LENOVO\Desktop\HomeDecor AI (Web-App)\app\src\wasmJsMain\kotlin\com\ismail\homedecorai\Platform.kt C:\Users\LENOVO\Desktop\HomeDecor AI (Web-App)\app\src\wasmJsMain\kotlin\com\ismail\homedecorai\ui\discover\NetworkImage.wasmJs.kt C:\Users\LENOVO\Desktop\HomeDecor AI (Web-App)\app\src\wasmJsMain\kotlin\com\ismail\homedecorai\ui\theme\PlatformTheme.kt C:\Users\LENOVO\Desktop\HomeDecor AI (Web-App)\app\src\wasmJsMain\kotlin\com\ismail\homedecorai\WebViewModelApiWasm.kt C:\Users\LENOVO\Desktop\HomeDecor AI (Web-App)\app\build\generated\compose\resourceGenerator\kotlin\wasmJsMainResourceCollectors\homedecorai\app\generated\resources\ActualResourceCollectors.kt C:\Users\LENOVO\Desktop\HomeDecor AI (Web-App)\app\src\commonMain\kotlin\com\ismail\homedecorai\App.kt C:\Users\LENOVO\Desktop\HomeDecor AI (Web-App)\app\src\commonMain\kotlin\com\ismail\homedecorai\imagepicker\DragDrop.kt C:\Users\LENOVO\Desktop\HomeDecor AI (Web-App)\app\src\commonMain\kotlin\com\ismail\homedecorai\imagepicker\ImagePicker.kt C:\Users\LENOVO\Desktop\HomeDecor AI (Web-App)\app\src\commonMain\kotlin\com\ismail\homedecorai\imagepicker\ImagePickerTypes.kt C:\Users\LENOVO\Desktop\HomeDecor AI (Web-App)\app\src\commonMain\kotlin\com\ismail\homedecorai\model\Models.kt C:\Users\LENOVO\Desktop\HomeDecor AI (Web-App)\app\src\commonMain\kotlin\com\ismail\homedecorai\Platform.kt C:\Users\LENOVO\Desktop\HomeDecor AI (Web-App)\app\src\commonMain\kotlin\com\ismail\homedecorai\PlatformAbstractions.kt C:\Users\LENOVO\Desktop\HomeDecor AI (Web-App)\app\src\commonMain\kotlin\com\ismail\homedecorai\Strings.kt C:\Users\LENOVO\Desktop\HomeDecor AI (Web-App)\app\src\commonMain\kotlin\com\ismail\homedecorai\ui\board\SharedMyBoardScreen.kt C:\Users\LENOVO\Desktop\HomeDecor AI (Web-App)\app\src\commonMain\kotlin\com\ismail\homedecorai\ui\components\HomeDecorComponents.kt C:\Users\LENOVO\Desktop\HomeDecor AI (Web-App)\app\src\commonMain\kotlin\com\ismail\homedecorai\ui\discover\SharedDiscoverScreen.kt C:\Users\LENOVO\Desktop\HomeDecor AI (Web-App)\app\src\commonMain\kotlin\com\ismail\homedecorai\ui\paywall\PaywallTypes.kt C:\Users\LENOVO\Desktop\HomeDecor AI (Web-App)\app\src\commonMain\kotlin\com\ismail\homedecorai\ui\paywall\SharedPaywallSheet.kt C:\Users\LENOVO\Desktop\HomeDecor AI (Web-App)\app\src\commonMain\kotlin\com\ismail\homedecorai\ui\profile\SharedProfileScreen.kt C:\Users\LENOVO\Desktop\HomeDecor AI (Web-App)\app\src\commonMain\kotlin\com\ismail\homedecorai\ui\ResponsiveLayout.kt C:\Users\LENOVO\Desktop\HomeDecor AI (Web-App)\app\src\commonMain\kotlin\com\ismail\homedecorai\ui\settings\SharedSettingsScreen.kt C:\Users\LENOVO\Desktop\HomeDecor AI (Web-App)\app\src\commonMain\kotlin\com\ismail\homedecorai\ui\store\SharedDiamondStoreSheet.kt C:\Users\LENOVO\Desktop\HomeDecor AI (Web-App)\app\src\commonMain\kotlin\com\ismail\homedecorai\ui\theme\Color.kt C:\Users\LENOVO\Desktop\HomeDecor AI (Web-App)\app\src\commonMain\kotlin\com\ismail\homedecorai\ui\theme\Dimens.kt C:\Users\LENOVO\Desktop\HomeDecor AI (Web-App)\app\src\commonMain\kotlin\com\ismail\homedecorai\ui\theme\PlatformTheme.kt C:\Users\LENOVO\Desktop\HomeDecor AI (Web-App)\app\src\commonMain\kotlin\com\ismail\homedecorai\ui\theme\Shape.kt C:\Users\LENOVO\Desktop\HomeDecor AI (Web-App)\app\src\commonMain\kotlin\com\ismail\homedecorai\ui\theme\Theme.kt C:\Users\LENOVO\Desktop\HomeDecor AI (Web-App)\app\src\commonMain\kotlin\com\ismail\homedecorai\ui\theme\Type.kt C:\Users\LENOVO\Desktop\HomeDecor AI (Web-App)\app\src\commonMain\kotlin\com\ismail\homedecorai\ui\tools\SharedToolsScreen.kt C:\Users\LENOVO\Desktop\HomeDecor AI (Web-App)\app\src\commonMain\kotlin\com\ismail\homedecorai\ui\tools\WebWizardScreen.kt C:\Users\LENOVO\Desktop\HomeDecor AI (Web-App)\app\src\commonMain\kotlin\com\ismail\homedecorai\ui\upgrade\SharedUpgradeScreen.kt C:\Users\LENOVO\Desktop\HomeDecor AI (Web-App)\app\src\commonMain\kotlin\com\ismail\homedecorai\WebViewModel.kt C:\Users\LENOVO\Desktop\HomeDecor AI (Web-App)\app\src\commonMain\kotlin\com\ismail\homedecorai\WebViewModelApi.kt C:\Users\LENOVO\Desktop\HomeDecor AI (Web-App)\app\build\generated\compose\resourceGenerator\kotlin\commonResClass\homedecorai\app\generated\resources\Res.kt C:\Users\LENOVO\Desktop\HomeDecor AI (Web-App)\app\build\generated\compose\resourceGenerator\kotlin\commonMainResourceAccessors\homedecorai\app\generated\resources\Drawable0.commonMain.kt C:\Users\LENOVO\Desktop\HomeDecor AI (Web-App)\app\build\generated\compose\resourceGenerator\kotlin\commonMainResourceAccessors\homedecorai\app\generated\resources\Drawable1.commonMain.kt C:\Users\LENOVO\Desktop\HomeDecor AI (Web-App)\app\build\generated\compose\resourceGenerator\kotlin\commonMainResourceCollectors\homedecorai\app\generated\resources\ExpectResourceCollectors.kt

Host: AMD Ryzen 3 PRO 4450U with Radeon Graphics, 8 cores, 7G,  Windows 11 , 64 bit Build 26100 (10.0.26100.8521)
Time: Mon Jun 29 22:30:28 2026 Morocco Daylight Time elapsed time: 69.201786 seconds (0d 0h 1m 9s)

---------------  T H R E A D  ---------------

Current thread (0x00000209cd30f440):  JavaThread "C2 CompilerThread0" daemon [_thread_in_native, id=18724, stack(0x00000034c3800000,0x00000034c3900000)]


Current CompileTask:
C2:69202 11728       4       org.jetbrains.kotlin.fir.resolve.substitution.ConeSubstitutorByMap::substituteType (73 bytes)

Stack: [0x00000034c3800000,0x00000034c3900000]
Native frames: (J=compiled Java code, j=interpreted, Vv=VM code, C=native code)
V  [jvm.dll+0x6846f9]
V  [jvm.dll+0x839ea5]
V  [jvm.dll+0x83b91e]
V  [jvm.dll+0x83bfa3]
V  [jvm.dll+0x248eff]
V  [jvm.dll+0xad496]
V  [jvm.dll+0xadb3c]
V  [jvm.dll+0x368bcf]
V  [jvm.dll+0x333055]
V  [jvm.dll+0x3324ba]
V  [jvm.dll+0x219db9]
V  [jvm.dll+0x219200]
V  [jvm.dll+0x1a4920]
V  [jvm.dll+0x22989a]
V  [jvm.dll+0x227a4b]
V  [jvm.dll+0x7f0658]
V  [jvm.dll+0x7eaaec]
V  [jvm.dll+0x6835c7]
C  [ucrtbase.dll+0x2cd30]
C  [KERNEL32.DLL+0x2e957]
C  [ntdll.dll+0x87c1c]


---------------  P R O C E S S  ---------------

Threads class SMR info:
_java_thread_list=0x0000020a15455e40, length=14, elements={
0x00000209af75ec10, 0x00000209cd2ec470, 0x00000209cd2ed9a0, 0x00000209cd3099f0,
0x00000209cd30c3c0, 0x00000209cd30cd80, 0x00000209cd30d740, 0x00000209cd30f440,
0x00000209cd3266e0, 0x00000209cd33e070, 0x00000209cd776d70, 0x00000209cd781510,
0x0000020a14c3bc50, 0x0000020a14c39c70
}

Java Threads: ( => current thread )
  0x00000209af75ec10 JavaThread "main" [_thread_in_Java, id=10020, stack(0x00000034c2b00000,0x00000034c2c00000)]
  0x00000209cd2ec470 JavaThread "Reference Handler" daemon [_thread_blocked, id=18752, stack(0x00000034c3200000,0x00000034c3300000)]
  0x00000209cd2ed9a0 JavaThread "Finalizer" daemon [_thread_blocked, id=14732, stack(0x00000034c3300000,0x00000034c3400000)]
  0x00000209cd3099f0 JavaThread "Signal Dispatcher" daemon [_thread_blocked, id=20276, stack(0x00000034c3400000,0x00000034c3500000)]
  0x00000209cd30c3c0 JavaThread "Attach Listener" daemon [_thread_blocked, id=12708, stack(0x00000034c3500000,0x00000034c3600000)]
  0x00000209cd30cd80 JavaThread "Service Thread" daemon [_thread_blocked, id=20324, stack(0x00000034c3600000,0x00000034c3700000)]
  0x00000209cd30d740 JavaThread "Monitor Deflation Thread" daemon [_thread_blocked, id=19924, stack(0x00000034c3700000,0x00000034c3800000)]
=>0x00000209cd30f440 JavaThread "C2 CompilerThread0" daemon [_thread_in_native, id=18724, stack(0x00000034c3800000,0x00000034c3900000)]
  0x00000209cd3266e0 JavaThread "C1 CompilerThread0" daemon [_thread_blocked, id=7368, stack(0x00000034c3900000,0x00000034c3a00000)]
  0x00000209cd33e070 JavaThread "Sweeper thread" daemon [_thread_blocked, id=18532, stack(0x00000034c3a00000,0x00000034c3b00000)]
  0x00000209cd776d70 JavaThread "Notification Thread" daemon [_thread_blocked, id=7640, stack(0x00000034c3b00000,0x00000034c3c00000)]
  0x00000209cd781510 JavaThread "Common-Cleaner" daemon [_thread_blocked, id=19484, stack(0x00000034c3d00000,0x00000034c3e00000)]
  0x0000020a14c3bc50 JavaThread "C2 CompilerThread1" daemon [_thread_in_native, id=1796, stack(0x00000034c2800000,0x00000034c2900000)]
  0x0000020a14c39c70 JavaThread "C2 CompilerThread2" daemon [_thread_in_native, id=7316, stack(0x00000034c2900000,0x00000034c2a00000)]

Other Threads:
  0x00000209cd2e5920 VMThread "VM Thread" [stack: 0x00000034c3100000,0x00000034c3200000] [id=18716]
  0x00000209cd779260 WatcherThread [stack: 0x00000034c3c00000,0x00000034c3d00000] [id=14048]
  0x00000209af7c1620 GCTaskThread "GC Thread#0" [stack: 0x00000034c2c00000,0x00000034c2d00000] [id=7816]
  0x0000020a131da8f0 GCTaskThread "GC Thread#1" [stack: 0x00000034c3e00000,0x00000034c3f00000] [id=19672]
  0x0000020a13268bb0 GCTaskThread "GC Thread#2" [stack: 0x00000034c3f00000,0x00000034c4000000] [id=19568]
  0x0000020a13268e70 GCTaskThread "GC Thread#3" [stack: 0x00000034c4000000,0x00000034c4100000] [id=12312]
  0x0000020a13269130 GCTaskThread "GC Thread#4" [stack: 0x00000034c4100000,0x00000034c4200000] [id=4356]
  0x0000020a132693f0 GCTaskThread "GC Thread#5" [stack: 0x00000034c4200000,0x00000034c4300000] [id=13156]
  0x0000020a1363f260 GCTaskThread "GC Thread#6" [stack: 0x00000034c4300000,0x00000034c4400000] [id=7560]
  0x0000020a1308e780 GCTaskThread "GC Thread#7" [stack: 0x00000034c4400000,0x00000034c4500000] [id=19548]
  0x00000209af7d1170 ConcurrentGCThread "G1 Main Marker" [stack: 0x00000034c2d00000,0x00000034c2e00000] [id=2932]
  0x00000209af7d3aa0 ConcurrentGCThread "G1 Conc#0" [stack: 0x00000034c2e00000,0x00000034c2f00000] [id=9884]
  0x0000020a13d37870 ConcurrentGCThread "G1 Conc#1" [stack: 0x00000034c4500000,0x00000034c4600000] [id=13564]
  0x00000209af7eea70 ConcurrentGCThread "G1 Refine#0" [stack: 0x00000034c2f00000,0x00000034c3000000] [id=20072]
  0x0000020a14e6fa20 ConcurrentGCThread "G1 Refine#1" [stack: 0x00000034c4800000,0x00000034c4900000] [id=16172]
  0x0000020a13afd140 ConcurrentGCThread "G1 Refine#2" [stack: 0x00000034c4900000,0x00000034c4a00000] [id=17800]
  0x0000020a14db0e40 ConcurrentGCThread "G1 Refine#3" [stack: 0x00000034c4a00000,0x00000034c4b00000] [id=3304]
  0x00000209cd19b570 ConcurrentGCThread "G1 Service" [stack: 0x00000034c3000000,0x00000034c3100000] [id=7672]

Threads with active compile tasks:
C2 CompilerThread0  69251 11728       4       org.jetbrains.kotlin.fir.resolve.substitution.ConeSubstitutorByMap::substituteType (73 bytes)
C2 CompilerThread1  69251 11736       4       org.jetbrains.kotlin.fir.resolve.calls.FirCallResolver::collectCandidates$default (181 bytes)
C2 CompilerThread2  69251 11737       4       org.jetbrains.kotlin.fir.resolve.calls.FirCallResolver::collectCandidates (317 bytes)

VM state: not at safepoint (normal execution)

VM Mutex/Monitor currently owned by a thread: None

Heap address: 0x000000008a000000, size: 1888 MB, Compressed Oops mode: 32-bit

CDS archive(s) mapped at: [0x00000209ce000000-0x00000209cebb0000-0x00000209cebb0000), size 12255232, SharedBaseAddress: 0x00000209ce000000, ArchiveRelocationMode: 1.
Compressed class space mapped at: 0x00000209cf000000-0x0000020a0f000000, reserved size: 1073741824
Narrow klass base: 0x00000209ce000000, Narrow klass shift: 0, Narrow klass range: 0x100000000

GC Precious Log:
 CPUs: 8 total, 8 available
 Memory: 7544M
 Large Page Support: Disabled
 NUMA Support: Disabled
 Compressed Oops: Enabled (32-bit)
 Heap Region Size: 1M
 Heap Min Capacity: 8M
 Heap Initial Capacity: 118M
 Heap Max Capacity: 1888M
 Pre-touch: Disabled
 Parallel Workers: 8
 Concurrent Workers: 2
 Concurrent Refinement Workers: 8
 Periodic GC: Disabled

Heap:
 garbage-first heap   total 288768K, used 174080K [0x000000008a000000, 0x0000000100000000)
  region size 1024K, 15 young (15360K), 6 survivors (6144K)
 Metaspace       used 56714K, committed 57024K, reserved 1114112K
  class space    used 6195K, committed 6336K, reserved 1048576K

Heap Regions: E=young(eden), S=young(survivor), O=old, HS=humongous(starts), HC=humongous(continues), CS=collection set, F=free, OA=open archive, CA=closed archive, TAMS=top-at-mark-start (previous, next)
|   0|0x000000008a000000, 0x000000008a100000, 0x000000008a100000|100%|HS|  |TAMS 0x000000008a100000, 0x000000008a000000| Complete 
|   1|0x000000008a100000, 0x000000008a200000, 0x000000008a200000|100%|HC|  |TAMS 0x000000008a200000, 0x000000008a100000| Complete 
|   2|0x000000008a200000, 0x000000008a300000, 0x000000008a300000|100%|HC|  |TAMS 0x000000008a300000, 0x000000008a200000| Complete 
|   3|0x000000008a300000, 0x000000008a400000, 0x000000008a400000|100%|HC|  |TAMS 0x000000008a400000, 0x000000008a300000| Complete 
|   4|0x000000008a400000, 0x000000008a500000, 0x000000008a500000|100%| O|  |TAMS 0x000000008a500000, 0x000000008a400000| Untracked 
|   5|0x000000008a500000, 0x000000008a600000, 0x000000008a600000|100%| O|  |TAMS 0x000000008a600000, 0x000000008a500000| Untracked 
|   6|0x000000008a600000, 0x000000008a700000, 0x000000008a700000|100%| O|  |TAMS 0x000000008a700000, 0x000000008a600000| Untracked 
|   7|0x000000008a700000, 0x000000008a800000, 0x000000008a800000|100%| O|  |TAMS 0x000000008a800000, 0x000000008a700000| Untracked 
|   8|0x000000008a800000, 0x000000008a900000, 0x000000008a900000|100%|HS|  |TAMS 0x000000008a900000, 0x000000008a800000| Complete 
|   9|0x000000008a900000, 0x000000008aa00000, 0x000000008aa00000|100%|HC|  |TAMS 0x000000008aa00000, 0x000000008a900000| Complete 
|  10|0x000000008aa00000, 0x000000008ab00000, 0x000000008ab00000|100%| O|  |TAMS 0x000000008ab00000, 0x000000008aa00000| Untracked 
|  11|0x000000008ab00000, 0x000000008ac00000, 0x000000008ac00000|100%| O|  |TAMS 0x000000008ac00000, 0x000000008ab00000| Untracked 
|  12|0x000000008ac00000, 0x000000008ad00000, 0x000000008ad00000|100%| O|  |TAMS 0x000000008ad00000, 0x000000008ac00000| Untracked 
|  13|0x000000008ad00000, 0x000000008ae00000, 0x000000008ae00000|100%| O|  |TAMS 0x000000008ae00000, 0x000000008ad00000| Untracked 
|  14|0x000000008ae00000, 0x000000008af00000, 0x000000008af00000|100%| O|  |TAMS 0x000000008af00000, 0x000000008ae00000| Untracked 
|  15|0x000000008af00000, 0x000000008b000000, 0x000000008b000000|100%| O|  |TAMS 0x000000008b000000, 0x000000008af00000| Untracked 
|  16|0x000000008b000000, 0x000000008b100000, 0x000000008b100000|100%| O|  |TAMS 0x000000008b100000, 0x000000008b000000| Untracked 
|  17|0x000000008b100000, 0x000000008b200000, 0x000000008b200000|100%| O|  |TAMS 0x000000008b200000, 0x000000008b100000| Untracked 
|  18|0x000000008b200000, 0x000000008b300000, 0x000000008b300000|100%| O|  |TAMS 0x000000008b300000, 0x000000008b200000| Untracked 
|  19|0x000000008b300000, 0x000000008b400000, 0x000000008b400000|100%| O|  |TAMS 0x000000008b400000, 0x000000008b300000| Untracked 
|  20|0x000000008b400000, 0x000000008b500000, 0x000000008b500000|100%| O|  |TAMS 0x000000008b500000, 0x000000008b400000| Untracked 
|  21|0x000000008b500000, 0x000000008b600000, 0x000000008b600000|100%| O|  |TAMS 0x000000008b500000, 0x000000008b500000| Untracked 
|  22|0x000000008b600000, 0x000000008b700000, 0x000000008b700000|100%| O|  |TAMS 0x000000008b700000, 0x000000008b600000| Untracked 
|  23|0x000000008b700000, 0x000000008b800000, 0x000000008b800000|100%| O|  |TAMS 0x000000008b800000, 0x000000008b700000| Untracked 
|  24|0x000000008b800000, 0x000000008b900000, 0x000000008b900000|100%| O|  |TAMS 0x000000008b900000, 0x000000008b800000| Untracked 
|  25|0x000000008b900000, 0x000000008ba00000, 0x000000008ba00000|100%| O|  |TAMS 0x000000008ba00000, 0x000000008b900000| Untracked 
|  26|100%| O|  
|  27| O